// Jest Snapshot v1, https://goo.gl/fbAQLP

exports[`Default Button Render Button It renders the component 1`] = `
<button
  className="da-button undefined"
>
  Default
</button>
`;
